// Jest Snapshot v1, https://goo.gl/fbAQLP

exports[`<GradientBackground/> should render correctly with children 1`] = `
<View
  style={
    Object {
      "flex": 1,
    }
  }
>
  <BVLinearGradient
    colors={
      Array [
        4284161823,
        4283968813,
        4290877849,
      ]
    }
    endPoint={
      Object {
        "x": 0.8,
        "y": 0.8,
      }
    }
    locations={null}
    startPoint={
      Object {
        "x": 0,
        "y": 0,
      }
    }
    style={
      Object {
        "bottom": 0,
        "left": 0,
        "position": "absolute",
        "right": 0,
        "top": 0,
      }
    }
  >
    <Text>
      Hello
    </Text>
    <Text>
      Hello
    </Text>
    <Text>
      Hello
    </Text>
  </BVLinearGradient>
</View>
`;

exports[`<GradientBackground/> should render correctly with one child 1`] = `
<View
  style={
    Object {
      "flex": 1,
    }
  }
>
  <BVLinearGradient
    colors={
      Array [
        4284161823,
        4283968813,
        4290877849,
      ]
    }
    endPoint={
      Object {
        "x": 0.8,
        "y": 0.8,
      }
    }
    locations={null}
    startPoint={
      Object {
        "x": 0,
        "y": 0,
      }
    }
    style={
      Object {
        "bottom": 0,
        "left": 0,
        "position": "absolute",
        "right": 0,
        "top": 0,
      }
    }
  >
    <Text>
      Hello
    </Text>
  </BVLinearGradient>
</View>
`;
