// Jest Snapshot v1, https://goo.gl/fbAQLP

exports[`<Loading/> should render correctly 1`] = `
<View
  style={
    Object {
      "alignItems": "center",
      "flex": 1,
      "justifyContent": "center",
    }
  }
>
  <ActivityIndicator
    color="red"
    size={100}
  />
</View>
`;
