// Jest Snapshot v1, https://goo.gl/fbAQLP

exports[`<MovieList/> should render correctly 1`] = `
<View
  style={
    Object {
      "paddingBottom": 10,
      "paddingTop": 5,
    }
  }
>
  <RCTScrollView
    ItemSeparatorComponent={[Function]}
    ListFooterComponent={[Function]}
    ListHeaderComponent={[Function]}
    data={Array []}
    getItem={[Function]}
    getItemCount={[Function]}
    horizontal={true}
    keyExtractor={[Function]}
    onContentSizeChange={[Function]}
    onLayout={[Function]}
    onMomentumScrollBegin={[Function]}
    onMomentumScrollEnd={[Function]}
    onScroll={[Function]}
    onScrollBeginDrag={[Function]}
    onScrollEndDrag={[Function]}
    removeClippedSubviews={false}
    renderItem={[Function]}
    scrollEventThrottle={50}
    showsHorizontalScrollIndicator={false}
    snapToInterval={2}
    stickyHeaderIndices={Array []}
    viewabilityConfigCallbackPairs={Array []}
  >
    <View>
      <View
        onLayout={[Function]}
      >
        <View
          style={
            Object {
              "marginHorizontal": 10,
            }
          }
        />
      </View>
      <View
        onLayout={[Function]}
      >
        <View
          style={
            Object {
              "marginHorizontal": 10,
            }
          }
        />
      </View>
    </View>
  </RCTScrollView>
</View>
`;
